RAM Allocation [bytes]
Variable                                                                          Address   Size
------------------------------------------------------------------------------------------------
String                                                                            0x00EC       5
_seed                                                                             0x00F1       4
_base_y                                                                           0x00F5       4

EEPROM Allocation [bytes]
Variable                                                                          Address   Size
------------------------------------------------------------------------------------------------

Register Allocation
Variable                                                                          Register  Size
------------------------------------------------------------------------------------------------
value                                                                             R4,R5        2
duty                                                                              R7           1
_lcd_x                                                                            R6           1
_lcd_y                                                                            R9           1
_lcd_maxx                                                                         R8           1

FLASH Allocation [words]
Function                                                                          Address   Size
------------------------------------------------------------------------------------------------
read_adc                                                                          0x00064     14
main                                                                              0x00072     74
itoa                                                                              0x000BC     46
_lcd_write_nibble_G102                                                            0x000EA     14
_lcd_write_data                                                                   0x000F8     13
lcd_gotoxy                                                                        0x00105     13
lcd_clear                                                                         0x00112     14
lcd_putchar                                                                       0x00120     20
lcd_puts                                                                          0x00134     17
lcd_init                                                                          0x00145     41
